Python 3.8.5 (tags/v3.8.5:580fbb0, Jul 20 2020, 15:57:54) [MSC v.1924 64 bit (AMD64)] on win32
Type "help", "copyright", "credits" or "license" for more information.
>>> odd = [1,3,5,7,9]
>>> odd
[1, 3, 5, 7, 9]
>>> a = [ ]
>>> a
[]
>>> b = [1, 2, 3]
>>> b
[1, 2, 3]
>>> c = [i,am,moon]
Traceback (most recent call last):
  File "<stdin>", line 1, in <module>
NameError: name 'i' is not defined
>>> c = ['i','am','moon']
>>> c
['i', 'am', 'moon']
>>> c[1]
'am'
>>> c[0]
'i'
>>>